Archive member included because of file (symbol)

contiki-sky.a(contiki-sky-pla)
                              obj_sky/contiki-sky-main.o (init_platform)
contiki-sky.a(light-sensor.o)
                              hello.co (light_sensor)
contiki-sky.a(button-sensor.o)
                              hello.co (button_sensor)
contiki-sky.a(temperature-sen)
                              hello.co (temperature_sensor)
contiki-sky.a(ds2411.o)       obj_sky/contiki-sky-main.o (ds2411_init)
contiki-sky.a(xmem.o)         obj_sky/contiki-sky-main.o (xmem_init)
contiki-sky.a(node-id.o)      obj_sky/contiki-sky-main.o (node_id_restore)
contiki-sky.a(sensors.o)      hello.co (sensors_event)
contiki-sky.a(cc2420.o)       obj_sky/contiki-sky-main.o (cc2420_set_pan_addr)
contiki-sky.a(cc2420-arch.o)  contiki-sky.a(cc2420.o) (cc2420_arch_init)
contiki-sky.a(sky-sensors.o)  contiki-sky.a(light-sensor.o) (sky_sensors_status)
contiki-sky.a(uart1.o)        obj_sky/contiki-sky-main.o (uart1_active)
contiki-sky.a(slip_uart1.o)   obj_sky/contiki-sky-main.o (putchar)
contiki-sky.a(slip.o)         obj_sky/contiki-sky-main.o (slip_set_input_callback)
contiki-sky.a(msp430.o)       contiki-sky.a(uart1.o) (msp430_add_lpm_req)
contiki-sky.a(clock.o)        obj_sky/contiki-sky-main.o (clock_init)
contiki-sky.a(leds.o)         obj_sky/contiki-sky-main.o (leds_init)
contiki-sky.a(leds-arch.o)    contiki-sky.a(leds.o) (leds_arch_init)
contiki-sky.a(watchdog.o)     obj_sky/contiki-sky-main.o (watchdog_start)
contiki-sky.a(rtimer-arch.o)  obj_sky/contiki-sky-main.o (rtimer_arch_now)
contiki-sky.a(timer.o)        obj_sky/contiki-sky-main.o (timer_set)
contiki-sky.a(rtimer.o)       obj_sky/contiki-sky-main.o (rtimer_init)
contiki-sky.a(process.o)      contiki-sky.a(sensors.o) (process_alloc_event)
contiki-sky.a(etimer.o)       contiki-sky.a(clock.o) (etimer_request_poll)
contiki-sky.a(energest.o)     obj_sky/contiki-sky-main.o (energest_init)
contiki-sky.a(ctimer.o)       obj_sky/contiki-sky-main.o (ctimer_init)
contiki-sky.a(autostart.o)    obj_sky/contiki-sky-main.o (autostart_start)
contiki-sky.a(random.o)       obj_sky/contiki-sky-main.o (random_init)
contiki-sky.a(list.o)         contiki-sky.a(ctimer.o) (list_init)
contiki-sky.a(uip-over-mesh.o)
                              obj_sky/contiki-sky-main.o (uip_over_mesh_init)
contiki-sky.a(uip-fw-drv.o)   obj_sky/contiki-sky-main.o (uip_fw_process)
contiki-sky.a(uip-fw.o)       contiki-sky.a(uip-fw-drv.o) (uip_fw_output)
contiki-sky.a(uip.o)          contiki-sky.a(slip.o) (uip_aligned_buf)
contiki-sky.a(tcpip.o)        contiki-sky.a(uip-fw-drv.o) (tcpip_set_outputfunc)
contiki-sky.a(unicast.o)      contiki-sky.a(uip-over-mesh.o) (unicast_open)
contiki-sky.a(trickle.o)      contiki-sky.a(uip-over-mesh.o) (trickle_open)
contiki-sky.a(route-discovery)
                              contiki-sky.a(uip-over-mesh.o) (route_discovery_open)
contiki-sky.a(route.o)        contiki-sky.a(uip-over-mesh.o) (route_init)
contiki-sky.a(rime.o)         obj_sky/contiki-sky-main.o (rime_driver)
contiki-sky.a(netflood.o)     contiki-sky.a(route-discovery) (netflood_open)
contiki-sky.a(ipolite.o)      contiki-sky.a(netflood.o) (ipolite_open)
contiki-sky.a(channel.o)      contiki-sky.a(unicast.o) (channel_set_attributes)
contiki-sky.a(chameleon.o)    contiki-sky.a(rime.o) (chameleon_init)
contiki-sky.a(chameleon-bitop)
                              contiki-sky.a(chameleon.o) (chameleon_bitopt)
contiki-sky.a(broadcast.o)    hello.co (broadcast_open)
contiki-sky.a(broadcast-annou)
                              contiki-sky.a(rime.o) (broadcast_announcement_init)
contiki-sky.a(announcement.o)
                              contiki-sky.a(rime.o) (announcement_init)
contiki-sky.a(abc.o)          contiki-sky.a(broadcast.o) (abc_open)
contiki-sky.a(csma.o)         obj_sky/contiki-sky-main.o (csma_driver)
contiki-sky.a(queuebuf.o)     contiki-sky.a(rime.o) (queuebuf_init)
contiki-sky.a(packetbuf.o)    contiki-sky.a(rime.o) (packetbuf_compact)
contiki-sky.a(linkaddr.o)     obj_sky/contiki-sky-main.o (linkaddr_copy)
contiki-sky.a(contikimac.o)   obj_sky/contiki-sky-main.o (contikimac_driver)
contiki-sky.a(nullsec.o)      obj_sky/contiki-sky-main.o (nullsec_driver)
contiki-sky.a(spi.o)          contiki-sky.a(xmem.o) (spi_init)
contiki-sky.a(uip-ipchksum.o)
                              contiki-sky.a(slip.o) (uip_ipchksum)
contiki-sky.a(compower.o)     contiki-sky.a(contikimac.o) (compower_idle_activity)
contiki-sky.a(memb.o)         contiki-sky.a(route.o) (memb_init)
contiki-sky.a(mac-sequence.o)
                              contiki-sky.a(contikimac.o) (mac_sequence_is_duplicate)
contiki-sky.a(mac.o)          contiki-sky.a(csma.o) (mac_call_sent_callback)
contiki-sky.a(contikimac-fram)
                              contiki-sky.a(contikimac.o) (contikimac_framer)
contiki-sky.a(framer-802154.o)
                              contiki-sky.a(contikimac-fram) (framer_802154)
[...]
Memory Configuration

Name             Origin             Length             Attributes
sfr              0x0000000000000000 0x0000000000000010
peripheral_8bit  0x0000000000000010 0x00000000000000f0
peripheral_16bit 0x0000000000000100 0x0000000000000100
ram_mirror       0x0000000000000200 0x0000000000000800 xw
infomem          0x0000000000001000 0x0000000000000100
infob            0x0000000000001000 0x0000000000000080
infoa            0x0000000000001080 0x0000000000000080
ram              0x0000000000001100 0x0000000000002800 xw
rom              0x0000000000004000 0x000000000000bfe0 xr
vectors          0x000000000000ffe0 0x0000000000000020
bsl              0x0000000000000000 0x0000000000000000
infoc            0x0000000000000000 0x0000000000000000
infod            0x0000000000000000 0x0000000000000000
ram2             0x0000000000000000 0x0000000000000000 xw
usbram           0x0000000000000000 0x0000000000000000 xw
far_rom          0x0000000000000000 0x0000000000000000
*default*        0x0000000000000000 0xffffffffffffffff

Linker script and memory map

LOAD /upb/groups/fg-ccs/public/share/nes/2018w/mspgcc-4.7.3/bin/../lib/gcc/msp430/4.7.3/mmpy-16/crt0ivtbl16.o
LOAD hello.co
LOAD obj_sky/contiki-sky-main.o
LOAD contiki-sky.a
LOAD /upb/groups/fg-ccs/public/share/nes/2018w/mspgcc-4.7.3/bin/../lib/gcc/msp430/4.7.3/mmpy-16/libgcc.a
LOAD /upb/groups/fg-ccs/public/share/nes/2018w/mspgcc-4.7.3/bin/../lib/gcc/msp430/4.7.3/../../../../msp430/lib/mmpy-16/libc.a
LOAD /upb/groups/fg-ccs/public/share/nes/2018w/mspgcc-4.7.3/bin/../lib/gcc/msp430/4.7.3/mmpy-16/libgcc.a
LOAD /upb/groups/fg-ccs/public/share/nes/2018w/mspgcc-4.7.3/bin/../lib/gcc/msp430/4.7.3/mmpy-16/libcrt0.a
                0x0000000000000080                PROVIDE (__info_segment_size, 0x80)
                0x0000000000001000                PROVIDE (__infob, 0x1000)
                0x0000000000001080                PROVIDE (__infoa, 0x1080)
                0x0000000000000000                __IE1 = 0x0
                0x0000000000000002                __IFG1 = 0x2
                0x0000000000000004                __ME1 = 0x4
                0x0000000000000001                __IE2 = 0x1
                0x0000000000000003                __IFG2 = 0x3
                0x0000000000000005                __ME2 = 0x5
                0x0000000000000120                __WDTCTL = 0x120
                0x0000000000000130                __MPY = 0x130
                0x0000000000000132                __MPYS = 0x132
                0x0000000000000134                __MAC = 0x134
                0x0000000000000136                __MACS = 0x136
                0x0000000000000138                __OP2 = 0x138
                0x000000000000013a                __RESLO = 0x13a
                0x000000000000013c                __RESHI = 0x13c
                0x000000000000013e                __SUMEXT = 0x13e
                0x0000000000000020                __P1IN = 0x20
                0x0000000000000021                __P1OUT = 0x21
                0x0000000000000022                __P1DIR = 0x22
                0x0000000000000023                __P1IFG = 0x23
                0x0000000000000024                __P1IES = 0x24
                0x0000000000000025                __P1IE = 0x25
                0x0000000000000026                __P1SEL = 0x26
                0x0000000000000028                __P2IN = 0x28
                0x0000000000000029                __P2OUT = 0x29
                0x000000000000002a                __P2DIR = 0x2a
                0x000000000000002b                __P2IFG = 0x2b
                0x000000000000002c                __P2IES = 0x2c
                0x000000000000002d                __P2IE = 0x2d
                0x000000000000002e                __P2SEL = 0x2e
                0x0000000000000018                __P3IN = 0x18
                0x0000000000000019                __P3OUT = 0x19
                0x000000000000001a                __P3DIR = 0x1a
                0x000000000000001b                __P3SEL = 0x1b
                0x000000000000001c                __P4IN = 0x1c
                0x000000000000001d                __P4OUT = 0x1d
                0x000000000000001e                __P4DIR = 0x1e
                0x000000000000001f                __P4SEL = 0x1f
                0x0000000000000030                __P5IN = 0x30
                0x0000000000000031                __P5OUT = 0x31
                0x0000000000000032                __P5DIR = 0x32
                0x0000000000000033                __P5SEL = 0x33
                0x0000000000000034                __P6IN = 0x34
                0x0000000000000035                __P6OUT = 0x35
                0x0000000000000036                __P6DIR = 0x36
                0x0000000000000037                __P6SEL = 0x37
                0x0000000000000070                __U0CTL = 0x70
                0x0000000000000071                __U0TCTL = 0x71
                0x0000000000000072                __U0RCTL = 0x72
                0x0000000000000073                __U0MCTL = 0x73
                0x0000000000000074                __U0BR0 = 0x74
                0x0000000000000075                __U0BR1 = 0x75
                0x0000000000000076                __U0RXBUF = 0x76
                0x0000000000000077                __U0TXBUF = 0x77
                0x0000000000000078                __U1CTL = 0x78
                0x0000000000000079                __U1TCTL = 0x79
                0x000000000000007a                __U1RCTL = 0x7a
                0x000000000000007b                __U1MCTL = 0x7b
                0x000000000000007c                __U1BR0 = 0x7c
                0x000000000000007d                __U1BR1 = 0x7d
                0x000000000000007e                __U1RXBUF = 0x7e
                0x000000000000007f                __U1TXBUF = 0x7f
                0x0000000000000050                __I2CIE = 0x50
                0x0000000000000051                __I2CIFG = 0x51
                0x0000000000000052                __I2CNDAT = 0x52
                0x0000000000000071                __I2CTCTL = 0x71
                0x0000000000000072                __I2CDCTL = 0x72
                0x0000000000000073                __I2CPSC = 0x73
                0x0000000000000074                __I2CSCLH = 0x74
                0x0000000000000075                __I2CSCLL = 0x75
                0x0000000000000076                __I2CDRB = 0x76
                0x0000000000000076                __I2CDRW = 0x76
                0x0000000000000118                __I2COA = 0x118
                0x000000000000011a                __I2CSA = 0x11a
                0x000000000000011c                __I2CIV = 0x11c
                0x000000000000012e                __TAIV = 0x12e
                0x0000000000000160                __TACTL = 0x160
                0x0000000000000162                __TACCTL0 = 0x162
                0x0000000000000164                __TACCTL1 = 0x164
                0x0000000000000166                __TACCTL2 = 0x166
                0x0000000000000170                __TAR = 0x170
                0x0000000000000172                __TACCR0 = 0x172
                0x0000000000000174                __TACCR1 = 0x174
                0x0000000000000176                __TACCR2 = 0x176
                0x000000000000011e                __TBIV = 0x11e
                0x0000000000000180                __TBCTL = 0x180
                0x0000000000000182                __TBCCTL0 = 0x182
                0x0000000000000184                __TBCCTL1 = 0x184
                0x0000000000000186                __TBCCTL2 = 0x186
                0x0000000000000188                __TBCCTL3 = 0x188
                0x000000000000018a                __TBCCTL4 = 0x18a
                0x000000000000018c                __TBCCTL5 = 0x18c
                0x000000000000018e                __TBCCTL6 = 0x18e
                0x0000000000000190                __TBR = 0x190
                0x0000000000000192                __TBCCR0 = 0x192
                0x0000000000000194                __TBCCR1 = 0x194
                0x0000000000000196                __TBCCR2 = 0x196
                0x0000000000000198                __TBCCR3 = 0x198
                0x000000000000019a                __TBCCR4 = 0x19a
                0x000000000000019c                __TBCCR5 = 0x19c
                0x000000000000019e                __TBCCR6 = 0x19e
                0x0000000000000056                __DCOCTL = 0x56
                0x0000000000000057                __BCSCTL1 = 0x57
                0x0000000000000058                __BCSCTL2 = 0x58
                0x0000000000000055                __SVSCTL = 0x55
                0x0000000000000128                __FCTL1 = 0x128
                0x000000000000012a                __FCTL2 = 0x12a
                0x000000000000012c                __FCTL3 = 0x12c
                0x0000000000000059                __CACTL1 = 0x59
                0x000000000000005a                __CACTL2 = 0x5a
                0x000000000000005b                __CAPD = 0x5b
                0x00000000000001a0                __ADC12CTL0 = 0x1a0
                0x00000000000001a2                __ADC12CTL1 = 0x1a2
                0x00000000000001a4                __ADC12IFG = 0x1a4
                0x00000000000001a6                __ADC12IE = 0x1a6
                0x00000000000001a8                __ADC12IV = 0x1a8
                0x0000000000000140                __ADC12MEM0 = 0x140
                0x0000000000000142                __ADC12MEM1 = 0x142
                0x0000000000000144                __ADC12MEM2 = 0x144
                0x0000000000000146                __ADC12MEM3 = 0x146
                0x0000000000000148                __ADC12MEM4 = 0x148
                0x000000000000014a                __ADC12MEM5 = 0x14a
                0x000000000000014c                __ADC12MEM6 = 0x14c
                0x000000000000014e                __ADC12MEM7 = 0x14e
                0x0000000000000150                __ADC12MEM8 = 0x150
                0x0000000000000152                __ADC12MEM9 = 0x152
                0x0000000000000154                __ADC12MEM10 = 0x154
                0x0000000000000156                __ADC12MEM11 = 0x156
                0x0000000000000158                __ADC12MEM12 = 0x158
                0x000000000000015a                __ADC12MEM13 = 0x15a
                0x000000000000015c                __ADC12MEM14 = 0x15c
                0x000000000000015e                __ADC12MEM15 = 0x15e
                0x0000000000000080                __ADC12MCTL0 = 0x80
                0x0000000000000081                __ADC12MCTL1 = 0x81
                0x0000000000000082                __ADC12MCTL2 = 0x82
                0x0000000000000083                __ADC12MCTL3 = 0x83
                0x0000000000000084                __ADC12MCTL4 = 0x84
                0x0000000000000085                __ADC12MCTL5 = 0x85
                0x0000000000000086                __ADC12MCTL6 = 0x86
                0x0000000000000087                __ADC12MCTL7 = 0x87
                0x0000000000000088                __ADC12MCTL8 = 0x88
                0x0000000000000089                __ADC12MCTL9 = 0x89
                0x000000000000008a                __ADC12MCTL10 = 0x8a
                0x000000000000008b                __ADC12MCTL11 = 0x8b
                0x000000000000008c                __ADC12MCTL12 = 0x8c
                0x000000000000008d                __ADC12MCTL13 = 0x8d
                0x000000000000008e                __ADC12MCTL14 = 0x8e
                0x000000000000008f                __ADC12MCTL15 = 0x8f
                0x00000000000001c0                __DAC12_0CTL = 0x1c0
                0x00000000000001c2                __DAC12_1CTL = 0x1c2
                0x00000000000001c8                __DAC12_0DAT = 0x1c8
                0x00000000000001ca                __DAC12_1DAT = 0x1ca
                0x0000000000000122                __DMACTL0 = 0x122
                0x0000000000000124                __DMACTL1 = 0x124
                0x00000000000001e0                __DMA0CTL = 0x1e0
                0x00000000000001e8                __DMA1CTL = 0x1e8
                0x00000000000001f0                __DMA2CTL = 0x1f0
                0x00000000000001e2                __DMA0SA = 0x1e2
                0x00000000000001e4                __DMA0DA = 0x1e4
                0x00000000000001e6                __DMA0SZ = 0x1e6
                0x00000000000001ea                __DMA1SA = 0x1ea
                0x00000000000001ec                __DMA1DA = 0x1ec
                0x00000000000001ee                __DMA1SZ = 0x1ee
                0x00000000000001f2                __DMA2SA = 0x1f2
                0x00000000000001f4                __DMA2DA = 0x1f4
                0x00000000000001f6                __DMA2SZ = 0x1f6

.hash
 *(.hash)

.dynsym
 *(.dynsym)

.dynstr
 *(.dynstr)

.gnu.version
 *(.gnu.version)

.gnu.version_d
 *(.gnu.version_d)

.gnu.version_r
 *(.gnu.version_r)

.rel.init
 *(.rel.init)

.rela.init
 *(.rela.init)

.rel.fini
 *(.rel.fini)

.rela.fini
 *(.rela.fini)

.rel.text
 *(.rel.text .rel.text.* .rel.gnu.linkonce.t.*)

.rela.text
 *(.rela.text .rela.text.* .rela.gnu.linkonce.t.*)

.rel.rodata
 *(.rel.rodata .rel.rodata.* .rel.gnu.linkonce.r.*)

.rela.rodata
 *(.rela.rodata .rela.rodata.* .rela.gnu.linkonce.r.*)

.rel.data
 *(.rel.data .rel.data.* .rel.gnu.linkonce.d.*)

.rela.data
 *(.rela.data .rela.data.* .rela.gnu.linkonce.d.*)

.rel.bss
 *(.rel.bss .rel.bss.* .rel.gnu.linkonce.b.*)

.rela.bss
 *(.rela.bss .rela.bss.* .rela.gnu.linkonce.b.*)

.rel.ctors
 *(.rel.ctors)

.rela.ctors
 *(.rela.ctors)

.rel.dtors
 *(.rel.dtors)

.rela.dtors
 *(.rela.dtors)

.rel.got
 *(.rel.got)

.rela.got
 *(.rela.got)

.rel.plt
 *(.rel.plt)

.rela.plt
 *(.rela.plt)

.text           0x0000000000004000     0x72b6
                0x0000000000004000                . = ALIGN (0x2)
 *(.init .init.*)
 *(.init0)
 .init0         0x0000000000004000        0x0 /upb/groups/fg-ccs/public/share/nes/2018w/mspgcc-4.7.3/bin/../lib/gcc/msp430/4.7.3/mmpy-16/libcrt0.a(_reset_vector__.o)
                0x0000000000004000                _reset_vector__
 *(.init1)
 .init1         0x0000000000004000        0xc /upb/groups/fg-ccs/public/share/nes/2018w/mspgcc-4.7.3/bin/../lib/gcc/msp430/4.7.3/mmpy-16/libcrt0.a(__watchdog_support.o)
                0x0000000000004000                __watchdog_support
 *(.init2)
 .init2         0x000000000000400c        0x4 /upb/groups/fg-ccs/public/share/nes/2018w/mspgcc-4.7.3/bin/../lib/gcc/msp430/4.7.3/mmpy-16/libcrt0.a(__init_stack.o)
                0x000000000000400c                __init_stack
 *(.init3)
 .init3         0x0000000000004010        0x0 /upb/groups/fg-ccs/public/share/nes/2018w/mspgcc-4.7.3/bin/../lib/gcc/msp430/4.7.3/mmpy-16/libcrt0.a(__low_level_init.o)
                0x0000000000004010                __low_level_init
 *(.init4)
 .init4         0x0000000000004010       0x18 /upb/groups/fg-ccs/public/share/nes/2018w/mspgcc-4.7.3/bin/../lib/gcc/msp430/4.7.3/mmpy-16/libcrt0.a(_copy_data.o)
                0x0000000000004010                __do_copy_data
 .init4         0x0000000000004028       0x16 /upb/groups/fg-ccs/public/share/nes/2018w/mspgcc-4.7.3/bin/../lib/gcc/msp430/4.7.3/mmpy-16/libcrt0.a(_clear_bss.o)
                0x0000000000004028                __do_clear_bss
 *(.init5)
 *(.init6)
 *(.init7)
 *(.init8)
 *(.init9)
 .init9         0x000000000000403e      0x386 obj_sky/contiki-sky-main.o
                0x000000000000403e                main
 *(.fini9)
 .fini9         0x00000000000043c4        0x0 /upb/groups/fg-ccs/public/share/nes/2018w/mspgcc-4.7.3/bin/../lib/gcc/msp430/4.7.3/mmpy-16/libcrt0.a(__stop_progExec__.o)
                0x00000000000043c4                __stop_progExec__
 *(.fini8)
 *(.fini7)
 *(.fini6)
 *(.fini5)
 *(.fini4)
 *(.fini3)
 *(.fini2)
 *(.fini1)
 *(.fini0)
 .fini0         0x00000000000043c4        0x6 /upb/groups/fg-ccs/public/share/nes/2018w/mspgcc-4.7.3/bin/../lib/gcc/msp430/4.7.3/mmpy-16/libcrt0.a(_endless_loop__.o)
                0x00000000000043c4                _endless_loop__
 *(.fini .fini.*)
                0x00000000000043ca                . = ALIGN (0x2)
                0x00000000000043ca                __ctors_start = .
 *(.ctors)
                0x00000000000043ca                __ctors_end = .
                0x00000000000043ca                __dtors_start = .
 *(.dtors)
                0x00000000000043ca                __dtors_end = .
                0x00000000000043ca                . = ALIGN (0x2)
 *(.text .text.* .gnu.linkonce.t.*)
 .text          0x00000000000043ca        0x4 /upb/groups/fg-ccs/public/share/nes/2018w/mspgcc-4.7.3/bin/../lib/gcc/msp430/4.7.3/mmpy-16/crt0ivtbl16.o
                0x00000000000043ca                __isr_14
                0x00000000000043ca                __isr_11
                0x00000000000043ca                __isr_2
                0x00000000000043ca                __isr_7
                0x00000000000043ca                __isr_0
                0x00000000000043ca                __isr_8
                0x00000000000043ca                __isr_3
                0x00000000000043ca                __isr_12
                0x00000000000043ca                __isr_13
                0x00000000000043ca                __isr_9
 .text.process_thread_temp_sense
                0x00000000000043ce      0x162 hello.co
 .text.broadcast_recv
                0x0000000000004530       0x22 hello.co
 .text.set_gateway
                0x0000000000004552       0x5a obj_sky/contiki-sky-main.o
 .text.start_network_layer
                0x00000000000045ac       0x3c obj_sky/contiki-sky-main.o
 .text.init_platform
                0x00000000000045e8        0xc contiki-sky.a(contiki-sky-pla)
                0x00000000000045e8                init_platform
 .text.value    0x00000000000045f4       0x1a contiki-sky.a(light-sensor.o)
 .text.status   0x000000000000460e        0xc contiki-sky.a(light-sensor.o)
 .text.configure
                0x000000000000461a       0x10 contiki-sky.a(light-sensor.o)
 .text.status   0x000000000000462a       0x18 contiki-sky.a(button-sensor.o)
 .text.value    0x0000000000004642       0x20 contiki-sky.a(button-sensor.o)
 .text.configure
                0x0000000000004662       0x4c contiki-sky.a(button-sensor.o)
 .text.irq_p2   0x00000000000046ae       0x88 contiki-sky.a(button-sensor.o)
                0x00000000000046ae                irq_p2
                0x00000000000046ae                __isr_1
 .text.value    0x0000000000004736        0x6 contiki-sky.a(temperature-sen)
 .text.status   0x000000000000473c        0xc contiki-sky.a(temperature-sen)
 .text.configure
                0x0000000000004748       0x12 contiki-sky.a(temperature-sen)
 .text.owreadb  0x000000000000475a       0x50 contiki-sky.a(ds2411.o)
 .text.ds2411_init
                0x00000000000047aa      0x120 contiki-sky.a(ds2411.o)
                0x00000000000047aa                ds2411_init
 .text.wait_ready
                0x00000000000048ca       0x4a contiki-sky.a(xmem.o)
 .text.xmem_init
                0x0000000000004914       0x3c contiki-sky.a(xmem.o)
                0x0000000000004914                xmem_init
 .text.xmem_pread
                0x0000000000004950       0xda contiki-sky.a(xmem.o)
                0x0000000000004950                xmem_pread
 .text.node_id_restore
                0x0000000000004a2a       0x38 contiki-sky.a(node-id.o)
                0x0000000000004a2a                node_id_restore
 .text.process_thread_sensors_process
                0x0000000000004a62       0xc2 contiki-sky.a(sensors.o)
 .text.sensors_changed
                0x0000000000004b24       0x2a contiki-sky.a(sensors.o)
                0x0000000000004b24                sensors_changed
 .text.get_object
                0x0000000000004b4e        0x4 contiki-sky.a(cc2420.o)
 .text.set_object
                0x0000000000004b52        0x4 contiki-sky.a(cc2420.o)
 .text.strobe   0x0000000000004b56       0x1c contiki-sky.a(cc2420.o)
 .text.getreg   0x0000000000004b72       0x4c contiki-sky.a(cc2420.o)
 .text.setreg   0x0000000000004bbe       0x4c contiki-sky.a(cc2420.o)
 .text.write_ram
                0x0000000000004c0a       0x7c contiki-sky.a(cc2420.o)
 .text.write_fifo_buf
                0x0000000000004c86       0x3c contiki-sky.a(cc2420.o)
 .text.get_status
                0x0000000000004cc2       0x20 contiki-sky.a(cc2420.o)
 .text.set_txpower
                0x0000000000004ce2       0x24 contiki-sky.a(cc2420.o)
 .text.cc2420_receiving_packet
                0x0000000000004d06        0xc contiki-sky.a(cc2420.o)
 .text.pending_packet
                0x0000000000004d12        0x8 contiki-sky.a(cc2420.o)
 .text.on       0x0000000000004d1a       0x1e contiki-sky.a(cc2420.o)
 .text.wait_for_transmission
                0x0000000000004d38       0x22 contiki-sky.a(cc2420.o)
 .text.wait_for_status
                0x0000000000004d5a       0x28 contiki-sky.a(cc2420.o)
 .text.getrxdata
                0x0000000000004d82       0x50 contiki-sky.a(cc2420.o)
 .text.flushrx  0x0000000000004dd2       0x1a contiki-sky.a(cc2420.o)
 .text.off      0x0000000000004dec       0x56 contiki-sky.a(cc2420.o)
 .text.RELEASE_LOCK
                0x0000000000004e42       0x28 contiki-sky.a(cc2420.o)
 .text.set_key  0x0000000000004e6a       0x18 contiki-sky.a(cc2420.o)
 .text.cc2420_prepare
                0x0000000000004e82       0x3c contiki-sky.a(cc2420.o)
 .text.cc2420_on
                0x0000000000004ebe       0x22 contiki-sky.a(cc2420.o)
                0x0000000000004ebe                cc2420_on
 .text.cc2420_off
                0x0000000000004ee0       0x30 contiki-sky.a(cc2420.o)
                0x0000000000004ee0                cc2420_off
 .text.cc2420_cca
                0x0000000000004f10       0x68 contiki-sky.a(cc2420.o)
 .text.cc2420_read
                0x0000000000004f78       0xac contiki-sky.a(cc2420.o)
 .text.process_thread_cc2420_process
                0x0000000000005024       0x54 contiki-sky.a(cc2420.o)
 .text.encrypt  0x0000000000005078       0x88 contiki-sky.a(cc2420.o)
 .text.cc2420_set_channel
                0x0000000000005100       0x3c contiki-sky.a(cc2420.o)
                0x0000000000005100                cc2420_set_channel
 .text.cc2420_set_pan_addr
                0x000000000000513c       0x4c contiki-sky.a(cc2420.o)
                0x000000000000513c                cc2420_set_pan_addr
 .text.cc2420_interrupt
                0x0000000000005188       0x16 contiki-sky.a(cc2420.o)
                0x0000000000005188                cc2420_interrupt
 .text.cc2420_set_txpower
                0x000000000000519e        0xe contiki-sky.a(cc2420.o)
                0x000000000000519e                cc2420_set_txpower
 .text.cc2420_get_txpower
                0x00000000000051ac       0x1e contiki-sky.a(cc2420.o)
                0x00000000000051ac                cc2420_get_txpower
 .text.cc2420_transmit
                0x00000000000051ca      0x12c contiki-sky.a(cc2420.o)
 .text.cc2420_send
                0x00000000000052f6       0x12 contiki-sky.a(cc2420.o)
 .text.cc2420_rssi
                0x0000000000005308       0x4c contiki-sky.a(cc2420.o)
                0x0000000000005308                cc2420_rssi
 .text.get_value
                0x0000000000005354       0xa8 contiki-sky.a(cc2420.o)
 .text.cc2420_set_cca_threshold
                0x00000000000053fc       0x16 contiki-sky.a(cc2420.o)
                0x00000000000053fc                cc2420_set_cca_threshold
 .text.set_value
                0x0000000000005412       0x86 contiki-sky.a(cc2420.o)
 .text.cc2420_init
                0x0000000000005498       0xd8 contiki-sky.a(cc2420.o)
                0x0000000000005498                cc2420_init
 .text.cc2420_port1_interrupt
                0x0000000000005570       0x62 contiki-sky.a(cc2420-arch.o)
                0x0000000000005570                __isr_4
                0x0000000000005570                cc2420_port1_interrupt
 .text.cc2420_arch_init
                0x00000000000055d2       0x1a contiki-sky.a(cc2420-arch.o)
                0x00000000000055d2                cc2420_arch_init
 .text.sky_sensors_status
                0x00000000000055ec       0x3c contiki-sky.a(sky-sensors.o)
                0x00000000000055ec                sky_sensors_status
 .text.sky_sensors_configure
                0x0000000000005628       0xee contiki-sky.a(sky-sensors.o)
                0x0000000000005628                sky_sensors_configure
 .text.handle_rxdma_timer
                0x0000000000005716       0x3a contiki-sky.a(uart1.o)
 .text.uart1_active
                0x0000000000005750       0x18 contiki-sky.a(uart1.o)
                0x0000000000005750                uart1_active
 .text.uart1_set_input
                0x0000000000005768       0x20 contiki-sky.a(uart1.o)
                0x0000000000005768                uart1_set_input
 .text.uart1_writeb
                0x0000000000005788       0x18 contiki-sky.a(uart1.o)
                0x0000000000005788                uart1_writeb
 .text.uart1_init
                0x00000000000057a0       0xf4 contiki-sky.a(uart1.o)
                0x00000000000057a0                uart1_init
 .text.slip_arch_writeb
                0x0000000000005894        0x6 contiki-sky.a(slip_uart1.o)
                0x0000000000005894                slip_arch_writeb
 .text.putchar  0x000000000000589a       0x3c contiki-sky.a(slip_uart1.o)
                0x000000000000589a                putchar
 .text.slip_arch_init
                0x00000000000058d6        0xa contiki-sky.a(slip_uart1.o)
                0x00000000000058d6                slip_arch_init
 .text.slip_set_input_callback
                0x00000000000058e0        0x6 contiki-sky.a(slip.o)
                0x00000000000058e0                slip_set_input_callback
 .text.slip_send
                0x00000000000058e6       0x5e contiki-sky.a(slip.o)
                0x00000000000058e6                slip_send
 .text.slip_write
                0x0000000000005944       0x5a contiki-sky.a(slip.o)
                0x0000000000005944                slip_write
 .text.process_thread_slip_process
                0x000000000000599e      0x1fc contiki-sky.a(slip.o)
 .text.slip_input_byte
                0x0000000000005b9a       0xbc contiki-sky.a(slip.o)
                0x0000000000005b9a                slip_input_byte
 .text.msp430_init_dco
                0x0000000000005c56       0x82 contiki-sky.a(msp430.o)
                0x0000000000005c56                msp430_init_dco
 .text.msp430_add_lpm_req
                0x0000000000005cd8        0xc contiki-sky.a(msp430.o)
                0x0000000000005cd8                msp430_add_lpm_req
 .text.msp430_cpu_init
                0x0000000000005ce4       0x2a contiki-sky.a(msp430.o)
                0x0000000000005ce4                msp430_cpu_init
 .text.splhigh_
                0x0000000000005d0e        0x8 contiki-sky.a(msp430.o)
                0x0000000000005d0e                splhigh_
 .text.msp430_sync_dco
                0x0000000000005d16       0x6c contiki-sky.a(msp430.o)
                0x0000000000005d16                msp430_sync_dco
 .text.timera1  0x0000000000005d82      0x11e contiki-sky.a(clock.o)
                0x0000000000005d82                __isr_5
                0x0000000000005d82                timera1
 .text.clock_time
                0x0000000000005ea0       0x1a contiki-sky.a(clock.o)
                0x0000000000005ea0                clock_time
 .text.clock_init
                0x0000000000005eba       0x28 contiki-sky.a(clock.o)
                0x0000000000005eba                clock_init
 .text.clock_delay
                0x0000000000005ee2        0xc contiki-sky.a(clock.o)
                0x0000000000005ee2                clock_delay
 .text.show_leds
                0x0000000000005eee       0xf0 contiki-sky.a(leds.o)
 .text.leds_init
                0x0000000000005fde        0xa contiki-sky.a(leds.o)
                0x0000000000005fde                leds_init
 .text.leds_on  0x0000000000005fe8        0xa contiki-sky.a(leds.o)
                0x0000000000005fe8                leds_on
 .text.leds_off
                0x0000000000005ff2        0xe contiki-sky.a(leds.o)
                0x0000000000005ff2                leds_off
 .text.leds_toggle
                0x0000000000006000        0xa contiki-sky.a(leds.o)
                0x0000000000006000                leds_toggle
 .text.leds_arch_init
                0x000000000000600a        0xe contiki-sky.a(leds-arch.o)
                0x000000000000600a                leds_arch_init
 .text.leds_arch_set
                0x0000000000006018       0x38 contiki-sky.a(leds-arch.o)
                0x0000000000006018                leds_arch_set
 .text.watchdog_interrupt
                0x0000000000006050        0x6 contiki-sky.a(watchdog.o)
                0x0000000000006050                __isr_10
                0x0000000000006050                watchdog_interrupt
 .text.watchdog_start
                0x0000000000006056       0x14 contiki-sky.a(watchdog.o)
                0x0000000000006056                watchdog_start
 .text.watchdog_periodic
                0x000000000000606a       0x12 contiki-sky.a(watchdog.o)
                0x000000000000606a                watchdog_periodic
 .text.watchdog_stop
                0x000000000000607c       0x16 contiki-sky.a(watchdog.o)
                0x000000000000607c                watchdog_stop
 .text.watchdog_init
                0x0000000000006092       0x12 contiki-sky.a(watchdog.o)
                0x0000000000006092                watchdog_init
 .text.rtimer_arch_init
                0x00000000000060a4        0xe contiki-sky.a(rtimer-arch.o)
                0x00000000000060a4                rtimer_arch_init
 .text.rtimer_arch_now
                0x00000000000060b2        0xe contiki-sky.a(rtimer-arch.o)
                0x00000000000060b2                rtimer_arch_now
 .text.timera0  0x00000000000060c0       0x70 contiki-sky.a(rtimer-arch.o)
                0x00000000000060c0                __isr_6
                0x00000000000060c0                timera0
 .text.rtimer_arch_schedule
                0x0000000000006130        0x6 contiki-sky.a(rtimer-arch.o)
                0x0000000000006130                rtimer_arch_schedule
 .text.timer_set
                0x0000000000006136       0x1c contiki-sky.a(timer.o)
                0x0000000000006136                timer_set
 .text.timer_reset
                0x0000000000006152        0xe contiki-sky.a(timer.o)
                0x0000000000006152                timer_reset
 .text.timer_restart
                0x0000000000006160       0x14 contiki-sky.a(timer.o)
                0x0000000000006160                timer_restart
 .text.timer_expired
                0x0000000000006174       0x2a contiki-sky.a(timer.o)
                0x0000000000006174                timer_expired
 .text.rtimer_init
                0x000000000000619e        0x6 contiki-sky.a(rtimer.o)
                0x000000000000619e                rtimer_init
 .text.rtimer_set
                0x00000000000061a4       0x24 contiki-sky.a(rtimer.o)
                0x00000000000061a4                rtimer_set
 .text.rtimer_run_next
                0x00000000000061c8       0x26 contiki-sky.a(rtimer.o)
                0x00000000000061c8                rtimer_run_next
 .text.call_process
                0x00000000000061ee       0x46 contiki-sky.a(process.o)
 .text.exit_process
                0x0000000000006234       0x96 contiki-sky.a(process.o)
 .text.do_poll  0x00000000000062ca       0x30 contiki-sky.a(process.o)
 .text.process_alloc_event
                0x00000000000062fa        0xe contiki-sky.a(process.o)
                0x00000000000062fa                process_alloc_event
 .text.process_init
                0x0000000000006308       0x1c contiki-sky.a(process.o)
                0x0000000000006308                process_init
 .text.process_run
                0x0000000000006324       0xa2 contiki-sky.a(process.o)
                0x0000000000006324                process_run
 .text.process_nevents
                0x00000000000063c6        0xe contiki-sky.a(process.o)
                0x00000000000063c6                process_nevents
 .text.process_post
                0x00000000000063d4       0x54 contiki-sky.a(process.o)
                0x00000000000063d4                process_post
 .text.process_post_synch
                0x0000000000006428       0x12 contiki-sky.a(process.o)
                0x0000000000006428                process_post_synch
 .text.process_start
                0x000000000000643a       0x36 contiki-sky.a(process.o)
                0x000000000000643a                process_start
 .text.process_poll
                0x0000000000006470       0x18 contiki-sky.a(process.o)
                0x0000000000006470                process_poll
 .text.update_time
                0x0000000000006488       0x78 contiki-sky.a(etimer.o)
 .text.etimer_request_poll
                0x0000000000006500        0xa contiki-sky.a(etimer.o)
                0x0000000000006500                etimer_request_poll
 .text.process_thread_etimer_process
                0x000000000000650a       0xcc contiki-sky.a(etimer.o)
 .text.add_timer
                0x00000000000065d6       0x40 contiki-sky.a(etimer.o)
 .text.etimer_set
                0x0000000000006616       0x12 contiki-sky.a(etimer.o)
                0x0000000000006616                etimer_set
 .text.etimer_reset
                0x0000000000006628       0x12 contiki-sky.a(etimer.o)
                0x0000000000006628                etimer_reset
 .text.etimer_restart
                0x000000000000663a       0x12 contiki-sky.a(etimer.o)
                0x000000000000663a                etimer_restart
 .text.etimer_expired
                0x000000000000664c        0xe contiki-sky.a(etimer.o)
                0x000000000000664c                etimer_expired
 .text.etimer_pending
                0x000000000000665a        0xc contiki-sky.a(etimer.o)
                0x000000000000665a                etimer_pending
 .text.etimer_next_expiration_time
                0x0000000000006666       0x16 contiki-sky.a(etimer.o)
                0x0000000000006666                etimer_next_expiration_time
 .text.etimer_stop
                0x000000000000667c       0x3e contiki-sky.a(etimer.o)
                0x000000000000667c                etimer_stop
 .text.energest_init
                0x00000000000066ba       0x26 contiki-sky.a(energest.o)
                0x00000000000066ba                energest_init
 .text.energest_type_time
                0x00000000000066e0       0x48 contiki-sky.a(energest.o)
                0x00000000000066e0                energest_type_time
 .text.energest_type_set
                0x0000000000006728        0xe contiki-sky.a(energest.o)
                0x0000000000006728                energest_type_set
 .text.energest_flush
                0x0000000000006736       0x48 contiki-sky.a(energest.o)
                0x0000000000006736                energest_flush
 .text.process_thread_ctimer_process
                0x000000000000677e       0xa8 contiki-sky.a(ctimer.o)
 .text.ctimer_init
                0x0000000000006826       0x18 contiki-sky.a(ctimer.o)
                0x0000000000006826                ctimer_init
 .text.ctimer_set
                0x000000000000683e       0x50 contiki-sky.a(ctimer.o)
                0x000000000000683e                ctimer_set
 .text.ctimer_reset
                0x000000000000688e       0x30 contiki-sky.a(ctimer.o)
                0x000000000000688e                ctimer_reset
 .text.ctimer_stop
                0x00000000000068be       0x28 contiki-sky.a(ctimer.o)
                0x00000000000068be                ctimer_stop
 .text.autostart_start
                0x00000000000068e6       0x16 contiki-sky.a(autostart.o)
                0x00000000000068e6                autostart_start
 .text.random_init
                0x00000000000068fc        0x6 contiki-sky.a(random.o)
                0x00000000000068fc                random_init
 .text.random_rand
                0x0000000000006902        0x6 contiki-sky.a(random.o)
                0x0000000000006902                random_rand
 .text.list_init
                0x0000000000006908        0x6 contiki-sky.a(list.o)
                0x0000000000006908                list_init
 .text.list_head
                0x000000000000690e        0x4 contiki-sky.a(list.o)
                0x000000000000690e                list_head
 .text.list_tail
                0x0000000000006912       0x12 contiki-sky.a(list.o)
                0x0000000000006912                list_tail
 .text.list_chop
                0x0000000000006924       0x1a contiki-sky.a(list.o)
                0x0000000000006924                list_chop
 .text.list_remove
                0x000000000000693e       0x34 contiki-sky.a(list.o)
                0x000000000000693e                list_remove
 .text.list_push
                0x0000000000006972       0x1a contiki-sky.a(list.o)
                0x0000000000006972                list_push
 .text.list_add
                0x000000000000698c       0x2a contiki-sky.a(list.o)
                0x000000000000698c                list_add
 .text.list_length
                0x00000000000069b6       0x10 contiki-sky.a(list.o)
                0x00000000000069b6                list_length
 .text.list_item_next
                0x00000000000069c6        0xc contiki-sky.a(list.o)
                0x00000000000069c6                list_item_next
 .text.timedout
                0x00000000000069d2       0x12 contiki-sky.a(uip-over-mesh.o)
 .text.recv_data
                0x00000000000069e4       0x72 contiki-sky.a(uip-over-mesh.o)
 .text.new_route
                0x0000000000006a56       0x36 contiki-sky.a(uip-over-mesh.o)
 .text.uip_over_mesh_init
                0x0000000000006a8c       0x54 contiki-sky.a(uip-over-mesh.o)
                0x0000000000006a8c                uip_over_mesh_init
 .text.uip_over_mesh_send
                0x0000000000006ae0       0xe8 contiki-sky.a(uip-over-mesh.o)
                0x0000000000006ae0                uip_over_mesh_send
 .text.uip_over_mesh_set_gateway_netif
                0x0000000000006bc8        0x6 contiki-sky.a(uip-over-mesh.o)
                0x0000000000006bc8                uip_over_mesh_set_gateway_netif
 .text.uip_over_mesh_set_gateway
                0x0000000000006bce        0xc contiki-sky.a(uip-over-mesh.o)
                0x0000000000006bce                uip_over_mesh_set_gateway
 .text.gateway_announce_recv
                0x0000000000006bda       0x10 contiki-sky.a(uip-over-mesh.o)
 .text.uip_over_mesh_make_announced_gateway
                0x0000000000006bea       0x32 contiki-sky.a(uip-over-mesh.o)
                0x0000000000006bea                uip_over_mesh_make_announced_gateway
 .text.uip_over_mesh_set_net
                0x0000000000006c1c       0x16 contiki-sky.a(uip-over-mesh.o)
                0x0000000000006c1c                uip_over_mesh_set_net
 .text.process_thread_uip_fw_process
                0x0000000000006c32       0x3c contiki-sky.a(uip-fw-drv.o)
 .text.uip_fw_output
                0x0000000000006c6e       0xf4 contiki-sky.a(uip-fw.o)
                0x0000000000006c6e                uip_fw_output
 .text.uip_fw_forward
                0x0000000000006d62      0x15e contiki-sky.a(uip-fw.o)
                0x0000000000006d62                uip_fw_forward
 .text.uip_fw_default
                0x0000000000006ec0        0x6 contiki-sky.a(uip-fw.o)
                0x0000000000006ec0                uip_fw_default
 .text.uip_fw_periodic
                0x0000000000006ec6       0x1c contiki-sky.a(uip-fw.o)
                0x0000000000006ec6                uip_fw_periodic
 .text.chksum   0x0000000000006ee2       0x32 contiki-sky.a(uip.o)
 .text.upper_layer_chksum
                0x0000000000006f14       0x42 contiki-sky.a(uip.o)
 .text.uip_add32
                0x0000000000006f56       0x68 contiki-sky.a(uip.o)
                0x0000000000006f56                uip_add32
 .text.uip_add_rcv_nxt
                0x0000000000006fbe       0x2c contiki-sky.a(uip.o)
 .text.uip_chksum
                0x0000000000006fea       0x18 contiki-sky.a(uip.o)
                0x0000000000006fea                uip_chksum
 .text.uip_tcpchksum
                0x0000000000007002        0xa contiki-sky.a(uip.o)
                0x0000000000007002                uip_tcpchksum
 .text.uip_udpchksum
                0x000000000000700c        0xa contiki-sky.a(uip.o)
                0x000000000000700c                uip_udpchksum
 .text.uip_init
                0x0000000000007016       0x50 contiki-sky.a(uip.o)
                0x0000000000007016                uip_init
 .text.uip_unlisten
                0x0000000000007066       0x2a contiki-sky.a(uip.o)
                0x0000000000007066                uip_unlisten
 .text.uip_process
                0x0000000000007090      0xc7e contiki-sky.a(uip.o)
                0x0000000000007090                uip_process
 .text.uip_htons
                0x0000000000007d0e        0xc contiki-sky.a(uip.o)
                0x0000000000007d0e                uip_htons
 .text.start_periodic_tcp_timer
                0x0000000000007d1a       0x16 contiki-sky.a(tcpip.o)
 .text.tcpip_output
                0x0000000000007d30       0x10 contiki-sky.a(tcpip.o)
                0x0000000000007d30                tcpip_output
 .text.process_thread_tcpip_process
                0x0000000000007d40      0x1ce contiki-sky.a(tcpip.o)
 .text.tcpip_set_outputfunc
                0x0000000000007f0e        0x6 contiki-sky.a(tcpip.o)
                0x0000000000007f0e                tcpip_set_outputfunc
 .text.tcpip_input
                0x0000000000007f14       0x12 contiki-sky.a(tcpip.o)
                0x0000000000007f14                tcpip_input
 .text.tcpip_uipcall
                0x0000000000007f26       0x70 contiki-sky.a(tcpip.o)
                0x0000000000007f26                tcpip_uipcall
 .text.sent_by_broadcast
                0x0000000000007f96       0x10 contiki-sky.a(unicast.o)
 .text.recv_from_broadcast
                0x0000000000007fa6       0x2e contiki-sky.a(unicast.o)
 .text.unicast_open
                0x0000000000007fd4       0x2a contiki-sky.a(unicast.o)
                0x0000000000007fd4                unicast_open
 .text.unicast_send
                0x0000000000007ffe       0x16 contiki-sky.a(unicast.o)
                0x0000000000007ffe                unicast_send
 .text.send     0x0000000000008014       0x1a contiki-sky.a(trickle.o)
 .text.run_trickle
                0x000000000000802e       0xc4 contiki-sky.a(trickle.o)
 .text.recv     0x00000000000080f2       0x86 contiki-sky.a(trickle.o)
 .text.timer_callback
                0x0000000000008178        0x6 contiki-sky.a(trickle.o)
 .text.trickle_open
                0x000000000000817e       0x44 contiki-sky.a(trickle.o)
                0x000000000000817e                trickle_open
 .text.trickle_send
                0x00000000000081c2       0x3e contiki-sky.a(trickle.o)
                0x00000000000081c2                trickle_send
 .text.timeout_handler
                0x0000000000008200       0x14 contiki-sky.a(route-discovery)
 .text.rreq_packet_received
                0x0000000000008214       0xca contiki-sky.a(route-discovery)
 .text.rrep_packet_received
                0x00000000000082de       0x9a contiki-sky.a(route-discovery)
 .text.route_discovery_open
                0x0000000000008378       0x30 contiki-sky.a(route-discovery)
                0x0000000000008378                route_discovery_open
 .text.route_discovery_discover
                0x00000000000083a8       0x6e contiki-sky.a(route-discovery)
                0x00000000000083a8                route_discovery_discover
 .text.periodic
                0x0000000000008416       0x58 contiki-sky.a(route.o)
 .text.route_init
                0x000000000000846e       0x28 contiki-sky.a(route.o)
                0x000000000000846e                route_init
 .text.route_lookup
                0x0000000000008496       0x4c contiki-sky.a(route.o)
                0x0000000000008496                route_lookup
 .text.route_add
                0x00000000000084e2       0x88 contiki-sky.a(route.o)
                0x00000000000084e2                route_add
 .text.route_refresh
                0x000000000000856a        0xe contiki-sky.a(route.o)
                0x000000000000856a                route_refresh
 .text.route_remove
                0x0000000000008578       0x1c contiki-sky.a(route.o)
                0x0000000000008578                route_remove
 .text.route_decay
                0x0000000000008594       0x22 contiki-sky.a(route.o)
                0x0000000000008594                route_decay
 .text.route_set_lifetime
                0x00000000000085b6        0x6 contiki-sky.a(route.o)
                0x00000000000085b6                route_set_lifetime
 .text.input    0x00000000000085bc       0x3a contiki-sky.a(rime.o)
 .text.init     0x00000000000085f6       0x2e contiki-sky.a(rime.o)
 .text.packet_sent
                0x0000000000008624       0x44 contiki-sky.a(rime.o)
 .text.rime_output
                0x0000000000008668       0x24 contiki-sky.a(rime.o)
                0x0000000000008668                rime_output
 .text.sent     0x000000000000868c       0x10 contiki-sky.a(netflood.o)
 .text.dropped  0x000000000000869c       0x10 contiki-sky.a(netflood.o)
 .text.recv_from_ipolite
                0x00000000000086ac       0xee contiki-sky.a(netflood.o)
 .text.netflood_open
                0x000000000000879a       0x2e contiki-sky.a(netflood.o)
                0x000000000000879a                netflood_open
 .text.netflood_send
                0x00000000000087c8       0x62 contiki-sky.a(netflood.o)
                0x00000000000087c8                netflood_send
 .text.sent     0x000000000000882a        0x2 contiki-sky.a(ipolite.o)
 .text.send     0x000000000000882c       0x36 contiki-sky.a(ipolite.o)
 .text.recv     0x0000000000008862       0xa6 contiki-sky.a(ipolite.o)
 .text.ipolite_open
                0x0000000000008908       0x24 contiki-sky.a(ipolite.o)
                0x0000000000008908                ipolite_open
 .text.ipolite_send
                0x000000000000892c       0xaa contiki-sky.a(ipolite.o)
                0x000000000000892c                ipolite_send
 .text.channel_init
                0x00000000000089d6        0xa contiki-sky.a(channel.o)
                0x00000000000089d6                channel_init
 .text.channel_open
                0x00000000000089e0       0x10 contiki-sky.a(channel.o)
                0x00000000000089e0                channel_open
 .text.channel_close
                0x00000000000089f0        0xc contiki-sky.a(channel.o)
                0x00000000000089f0                channel_close
 .text.channel_lookup
                0x00000000000089fc       0x20 contiki-sky.a(channel.o)
                0x00000000000089fc                channel_lookup
 .text.channel_set_attributes
                0x0000000000008a1c       0x24 contiki-sky.a(channel.o)
                0x0000000000008a1c                channel_set_attributes
 .text.chameleon_init
                0x0000000000008a40        0x6 contiki-sky.a(chameleon.o)
                0x0000000000008a40                chameleon_init
 .text.chameleon_parse
                0x0000000000008a46       0x10 contiki-sky.a(chameleon.o)
                0x0000000000008a46                chameleon_parse
 .text.chameleon_create
                0x0000000000008a56       0x1c contiki-sky.a(chameleon.o)
                0x0000000000008a56                chameleon_create
 .text.chameleon_hdrsize
                0x0000000000008a72        0x6 contiki-sky.a(chameleon.o)
                0x0000000000008a72                chameleon_hdrsize
 .text.header_size
                0x0000000000008a78       0x16 contiki-sky.a(chameleon-bitop)
 .text.get_bits_in_byte
                0x0000000000008a8e       0x3a contiki-sky.a(chameleon-bitop)
                0x0000000000008a8e                get_bits_in_byte
 .text.get_bits
                0x0000000000008ac8       0xa2 contiki-sky.a(chameleon-bitop)
                0x0000000000008ac8                get_bits
 .text.unpack_header
                0x0000000000008b6a       0xd2 contiki-sky.a(chameleon-bitop)
 .text.set_bits_in_byte
                0x0000000000008c3c       0x2c contiki-sky.a(chameleon-bitop)
                0x0000000000008c3c                set_bits_in_byte
 .text.set_bits
                0x0000000000008c68       0xc8 contiki-sky.a(chameleon-bitop)
                0x0000000000008c68                set_bits
 .text.pack_header
                0x0000000000008d30       0xbe contiki-sky.a(chameleon-bitop)
 .text.sent_by_abc
                0x0000000000008dee       0x10 contiki-sky.a(broadcast.o)
 .text.recv_from_abc
                0x0000000000008dfe       0x26 contiki-sky.a(broadcast.o)
 .text.broadcast_open
                0x0000000000008e24       0x2a contiki-sky.a(broadcast.o)
                0x0000000000008e24                broadcast_open
 .text.broadcast_close
                0x0000000000008e4e        0x6 contiki-sky.a(broadcast.o)
                0x0000000000008e4e                broadcast_close
 .text.broadcast_send
                0x0000000000008e54       0x1a contiki-sky.a(broadcast.o)
                0x0000000000008e54                broadcast_send
 .text.adv_packet_sent
                0x0000000000008e6e        0x2 contiki-sky.a(broadcast-annou)
 .text.adv_packet_received
                0x0000000000008e70       0x64 contiki-sky.a(broadcast-annou)
 .text.set_timers
                0x0000000000008ed4       0x4a contiki-sky.a(broadcast-annou)
 .text.send_timer
                0x0000000000008f1e       0x32 contiki-sky.a(broadcast-annou)
 .text.send_adv
                0x0000000000008f50       0x66 contiki-sky.a(broadcast-annou)
 .text.new_announcement
                0x0000000000008fb6       0x18 contiki-sky.a(broadcast-annou)
 .text.broadcast_announcement_init
                0x0000000000008fce       0x48 contiki-sky.a(broadcast-annou)
                0x0000000000008fce                broadcast_announcement_init
 .text.announcement_init
                0x0000000000009016        0xa contiki-sky.a(announcement.o)
                0x0000000000009016                announcement_init
 .text.announcement_register_observer_callback
                0x0000000000009020        0x6 contiki-sky.a(announcement.o)
                0x0000000000009020                announcement_register_observer_callback
 .text.announcement_list
                0x0000000000009026        0xa contiki-sky.a(announcement.o)
                0x0000000000009026                announcement_list
 .text.announcement_heard
                0x0000000000009030       0x42 contiki-sky.a(announcement.o)
                0x0000000000009030                announcement_heard
 .text.abc_open
                0x0000000000009072       0x26 contiki-sky.a(abc.o)
                0x0000000000009072                abc_open
 .text.abc_close
                0x0000000000009098        0x6 contiki-sky.a(abc.o)
                0x0000000000009098                abc_close
 .text.abc_send
                0x000000000000909e        0x6 contiki-sky.a(abc.o)
                0x000000000000909e                abc_send
 .text.abc_input
                0x00000000000090a4        0xe contiki-sky.a(abc.o)
                0x00000000000090a4                abc_input
 .text.abc_sent
                0x00000000000090b2       0x10 contiki-sky.a(abc.o)
                0x00000000000090b2                abc_sent
 .text.input_packet
                0x00000000000090c2        0x6 contiki-sky.a(csma.o)
 .text.on       0x00000000000090c8        0x6 contiki-sky.a(csma.o)
 .text.off      0x00000000000090ce        0x6 contiki-sky.a(csma.o)
 .text.channel_check_interval
                0x00000000000090d4       0x10 contiki-sky.a(csma.o)
 .text.transmit_packet_list
                0x00000000000090e4       0x24 contiki-sky.a(csma.o)
 .text.init     0x0000000000009108       0x1a contiki-sky.a(csma.o)
 .text.send_packet
                0x0000000000009122      0x184 contiki-sky.a(csma.o)
 .text.free_packet
                0x00000000000092a6       0x98 contiki-sky.a(csma.o)
 .text.packet_sent
                0x000000000000933e      0x130 contiki-sky.a(csma.o)
 .text.queuebuf_init
                0x000000000000946e       0x12 contiki-sky.a(queuebuf.o)
                0x000000000000946e                queuebuf_init
 .text.queuebuf_new_from_packetbuf
                0x0000000000009480       0x52 contiki-sky.a(queuebuf.o)
                0x0000000000009480                queuebuf_new_from_packetbuf
 .text.queuebuf_update_attr_from_packetbuf
                0x00000000000094d2       0x12 contiki-sky.a(queuebuf.o)
                0x00000000000094d2                queuebuf_update_attr_from_packetbuf
 .text.queuebuf_update_from_packetbuf
                0x00000000000094e4       0x22 contiki-sky.a(queuebuf.o)
                0x00000000000094e4                queuebuf_update_from_packetbuf
 .text.queuebuf_free
                0x0000000000009506       0x2a contiki-sky.a(queuebuf.o)
                0x0000000000009506                queuebuf_free
 .text.queuebuf_to_packetbuf
                0x0000000000009530       0x32 contiki-sky.a(queuebuf.o)
                0x0000000000009530                queuebuf_to_packetbuf
 .text.queuebuf_dataptr
                0x0000000000009562       0x1c contiki-sky.a(queuebuf.o)
                0x0000000000009562                queuebuf_dataptr
 .text.queuebuf_datalen
                0x000000000000957e        0x8 contiki-sky.a(queuebuf.o)
                0x000000000000957e                queuebuf_datalen
 .text.queuebuf_attr
                0x0000000000009586        0xe contiki-sky.a(queuebuf.o)
                0x0000000000009586                queuebuf_attr
 .text.packetbuf_compact
                0x0000000000009594       0x2e contiki-sky.a(packetbuf.o)
                0x0000000000009594                packetbuf_compact
 .text.packetbuf_copyto
                0x00000000000095c2       0x52 contiki-sky.a(packetbuf.o)
                0x00000000000095c2                packetbuf_copyto
 .text.packetbuf_hdrreduce
                0x0000000000009614       0x1a contiki-sky.a(packetbuf.o)
                0x0000000000009614                packetbuf_hdrreduce
 .text.packetbuf_set_datalen
                0x000000000000962e        0x6 contiki-sky.a(packetbuf.o)
                0x000000000000962e                packetbuf_set_datalen
 .text.packetbuf_dataptr
                0x0000000000009634        0xe contiki-sky.a(packetbuf.o)
                0x0000000000009634                packetbuf_dataptr
 .text.packetbuf_hdrptr
                0x0000000000009642        0xa contiki-sky.a(packetbuf.o)
                0x0000000000009642                packetbuf_hdrptr
 .text.packetbuf_datalen
                0x000000000000964c        0x6 contiki-sky.a(packetbuf.o)
                0x000000000000964c                packetbuf_datalen
 .text.packetbuf_hdrlen
                0x0000000000009652       0x10 contiki-sky.a(packetbuf.o)
                0x0000000000009652                packetbuf_hdrlen
 .text.packetbuf_totlen
                0x0000000000009662        0xc contiki-sky.a(packetbuf.o)
                0x0000000000009662                packetbuf_totlen
 .text.packetbuf_hdralloc
                0x000000000000966e       0x2e contiki-sky.a(packetbuf.o)
                0x000000000000966e                packetbuf_hdralloc
 .text.packetbuf_attr_clear
                0x000000000000969c       0x2c contiki-sky.a(packetbuf.o)
                0x000000000000969c                packetbuf_attr_clear
 .text.packetbuf_clear
                0x00000000000096c8       0x1a contiki-sky.a(packetbuf.o)
                0x00000000000096c8                packetbuf_clear
 .text.packetbuf_copyfrom
                0x00000000000096e2       0x2e contiki-sky.a(packetbuf.o)
                0x00000000000096e2                packetbuf_copyfrom
 .text.packetbuf_attr_copyto
                0x0000000000009710       0x20 contiki-sky.a(packetbuf.o)
                0x0000000000009710                packetbuf_attr_copyto
 .text.packetbuf_attr_copyfrom
                0x0000000000009730       0x22 contiki-sky.a(packetbuf.o)
                0x0000000000009730                packetbuf_attr_copyfrom
 .text.packetbuf_holds_broadcast
                0x0000000000009752        0xe contiki-sky.a(packetbuf.o)
                0x0000000000009752                packetbuf_holds_broadcast
 .text.linkaddr_copy
                0x0000000000009760        0xc contiki-sky.a(linkaddr.o)
                0x0000000000009760                linkaddr_copy
 .text.linkaddr_cmp
                0x000000000000976c       0x12 contiki-sky.a(linkaddr.o)
                0x000000000000976c                linkaddr_cmp
 .text.linkaddr_set_node_addr
                0x000000000000977e        0xc contiki-sky.a(linkaddr.o)
                0x000000000000977e                linkaddr_set_node_addr
 .text.duty_cycle
                0x000000000000978a        0x6 contiki-sky.a(contikimac.o)
 .text.init     0x0000000000009790       0x2a contiki-sky.a(contikimac.o)
 .text.on       0x00000000000097ba       0x1a contiki-sky.a(contikimac.o)
 .text.off      0x00000000000097d4       0x22 contiki-sky.a(contikimac.o)
 .text.recv_burst_off
                0x00000000000097f6        0xa contiki-sky.a(contikimac.o)
 .text.turn_off
                0x0000000000009800       0x20 contiki-sky.a(contikimac.o)
 .text.turn_on  0x0000000000009820       0x30 contiki-sky.a(contikimac.o)
 .text.schedule_powercycle_fixed.part.4
                0x0000000000009850       0x34 contiki-sky.a(contikimac.o)
 .text.powercycle_turn_radio_off
                0x0000000000009884       0x30 contiki-sky.a(contikimac.o)
 .text.input_packet
                0x00000000000098b4       0xb6 contiki-sky.a(contikimac.o)
 .text.send_packet.isra.7
                0x000000000000996a      0x20c contiki-sky.a(contikimac.o)
 .text.qsend_list
                0x0000000000009b76       0xc4 contiki-sky.a(contikimac.o)
 .text.qsend_packet
                0x0000000000009c3a       0x28 contiki-sky.a(contikimac.o)
 .text.powercycle
                0x0000000000009c62      0x1d6 contiki-sky.a(contikimac.o)
 .text.bootstrap
                0x0000000000009e38        0x4 contiki-sky.a(nullsec.o)
 .text.send     0x0000000000009e3c        0xa contiki-sky.a(nullsec.o)
 .text.on_frame_created
                0x0000000000009e46        0x4 contiki-sky.a(nullsec.o)
 .text.input    0x0000000000009e4a        0x6 contiki-sky.a(nullsec.o)
 .text.get_overhead
                0x0000000000009e50        0x4 contiki-sky.a(nullsec.o)
 .text.spi_init
                0x0000000000009e54       0x30 contiki-sky.a(spi.o)
                0x0000000000009e54                spi_init
 .text.uip_ipchksum
                0x0000000000009e84       0x32 contiki-sky.a(uip-ipchksum.o)
                0x0000000000009e84                uip_ipchksum
 .text.compower_accumulate
                0x0000000000009eb6       0x72 contiki-sky.a(compower.o)
                0x0000000000009eb6                compower_accumulate
 .text.compower_clear
                0x0000000000009f28       0x12 contiki-sky.a(compower.o)
                0x0000000000009f28                compower_clear
 .text.compower_attrconv
                0x0000000000009f3a       0x10 contiki-sky.a(compower.o)
                0x0000000000009f3a                compower_attrconv
 .text.memb_init
                0x0000000000009f4a       0x36 contiki-sky.a(memb.o)
                0x0000000000009f4a                memb_init
 .text.memb_alloc
                0x0000000000009f80       0x3e contiki-sky.a(memb.o)
                0x0000000000009f80                memb_alloc
 .text.memb_free
                0x0000000000009fbe       0x3a contiki-sky.a(memb.o)
                0x0000000000009fbe                memb_free
 .text.memb_inmemb
                0x0000000000009ff8       0x2a contiki-sky.a(memb.o)
                0x0000000000009ff8                memb_inmemb
 .text.mac_sequence_is_duplicate
                0x000000000000a022       0x3c contiki-sky.a(mac-sequence.o)
                0x000000000000a022                mac_sequence_is_duplicate
 .text.mac_sequence_register_seqno
                0x000000000000a05e       0x5c contiki-sky.a(mac-sequence.o)
                0x000000000000a05e                mac_sequence_register_seqno
 .text.mac_call_sent_callback
                0x000000000000a0ba       0x14 contiki-sky.a(mac.o)
                0x000000000000a0ba                mac_call_sent_callback
 .text.hdr_length
                0x000000000000a0ce        0x8 contiki-sky.a(contikimac-fram)
 .text.parse    0x000000000000a0d6       0x3e contiki-sky.a(contikimac-fram)
 .text.create   0x000000000000a114       0x26 contiki-sky.a(contikimac-fram)
 .text.create_and_secure
                0x000000000000a13a       0x6a contiki-sky.a(contikimac-fram)
 .text.create_frame.isra.0
                0x000000000000a1a4      0x104 contiki-sky.a(framer-802154.o)
 .text.create   0x000000000000a2a8        0x8 contiki-sky.a(framer-802154.o)
 .text.hdr_length
                0x000000000000a2b0        0x8 contiki-sky.a(framer-802154.o)
 .text.parse    0x000000000000a2b8       0xa4 contiki-sky.a(framer-802154.o)
 .text.field_len
                0x000000000000a35c       0x90 contiki-sky.a(frame802154.o)
 .text.frame802154_hdrlen
                0x000000000000a3ec       0x2e contiki-sky.a(frame802154.o)
                0x000000000000a3ec                frame802154_hdrlen
 .text.frame802154_create
                0x000000000000a41a      0x146 contiki-sky.a(frame802154.o)
                0x000000000000a41a                frame802154_create
 .text.frame802154_parse
                0x000000000000a560      0x1ba contiki-sky.a(frame802154.o)
                0x000000000000a560                frame802154_parse
 .text.framer_canonical_create_and_secure
                0x000000000000a71a       0x20 contiki-sky.a(framer.o)
                0x000000000000a71a                framer_canonical_create_and_secure
 .text.libgcc   0x000000000000a73a       0x2c /upb/groups/fg-ccs/public/share/nes/2018w/mspgcc-4.7.3/bin/../lib/gcc/msp430/4.7.3/mmpy-16/libgcc.a(_mulsi3.o)
                0x000000000000a73a                __mulsi3
 .text.libgcc   0x000000000000a766       0x40 /upb/groups/fg-ccs/public/share/nes/2018w/mspgcc-4.7.3/bin/../lib/gcc/msp430/4.7.3/mmpy-16/libgcc.a(_udivmod32.o)
                0x000000000000a766                __udivsi3
                0x000000000000a766                __ext_udivmod32
                0x000000000000a79c                __umodsi3
 .text.printf   0x000000000000a7a6       0x10 /upb/groups/fg-ccs/public/share/nes/2018w/mspgcc-4.7.3/bin/../lib/gcc/msp430/4.7.3/../../../../msp430/lib/mmpy-16/libc.a(printf.o)
                0x000000000000a7a6                printf
 .text.print_field
                0x000000000000a7b6      0x194 /upb/groups/fg-ccs/public/share/nes/2018w/mspgcc-4.7.3/bin/../lib/gcc/msp430/4.7.3/../../../../msp430/lib/mmpy-16/libc.a(vuprintf.o)
 .text.vuprintf
                0x000000000000a94a      0x63e /upb/groups/fg-ccs/public/share/nes/2018w/mspgcc-4.7.3/bin/../lib/gcc/msp430/4.7.3/../../../../msp430/lib/mmpy-16/libc.a(vuprintf.o)
                0x000000000000a94a                vuprintf
 .text.puts     0x000000000000af88       0x2c /upb/groups/fg-ccs/public/share/nes/2018w/mspgcc-4.7.3/bin/../lib/gcc/msp430/4.7.3/../../../../msp430/lib/mmpy-16/libc.a(puts.o)
                0x000000000000af88                puts
 .text.rand     0x000000000000afb4       0x26 /upb/groups/fg-ccs/public/share/nes/2018w/mspgcc-4.7.3/bin/../lib/gcc/msp430/4.7.3/../../../../msp430/lib/mmpy-16/libc.a(rand.o)
                0x000000000000afb4                rand
 .text.srand    0x000000000000afda        0xa /upb/groups/fg-ccs/public/share/nes/2018w/mspgcc-4.7.3/bin/../lib/gcc/msp430/4.7.3/../../../../msp430/lib/mmpy-16/libc.a(rand.o)
                0x000000000000afda                srand
 .text.strncmp  0x000000000000afe4       0x2a /upb/groups/fg-ccs/public/share/nes/2018w/mspgcc-4.7.3/bin/../lib/gcc/msp430/4.7.3/../../../../msp430/lib/mmpy-16/libc.a(strncmp.o)
                0x000000000000afe4                strncmp
 .text.memcmp   0x000000000000b00e       0x30 /upb/groups/fg-ccs/public/share/nes/2018w/mspgcc-4.7.3/bin/../lib/gcc/msp430/4.7.3/../../../../msp430/lib/mmpy-16/libc.a(memcmp.o)
                0x000000000000b00e                memcmp
 .text.memcpy   0x000000000000b03e       0xfa /upb/groups/fg-ccs/public/share/nes/2018w/mspgcc-4.7.3/bin/../lib/gcc/msp430/4.7.3/../../../../msp430/lib/mmpy-16/libc.a(memcpy.o)
                0x000000000000b03e                memcpy
 .text.memset   0x000000000000b138       0x6a /upb/groups/fg-ccs/public/share/nes/2018w/mspgcc-4.7.3/bin/../lib/gcc/msp430/4.7.3/../../../../msp430/lib/mmpy-16/libc.a(memset.o)
                0x000000000000b138                memset
 .text.libgcc   0x000000000000b1a2       0x22 /upb/groups/fg-ccs/public/share/nes/2018w/mspgcc-4.7.3/bin/../lib/gcc/msp430/4.7.3/mmpy-16/libgcc.a(_udivmod16.o)
                0x000000000000b1a2                __udivhi3
                0x000000000000b1a2                __ext_udivmod16
                0x000000000000b1bc                __umodhi3
 .text.libgcc   0x000000000000b1c4       0xf0 /upb/groups/fg-ccs/public/share/nes/2018w/mspgcc-4.7.3/bin/../lib/gcc/msp430/4.7.3/mmpy-16/libgcc.a(_udivmod64.o)
                0x000000000000b1c4                __xabi_udivmod64
                0x000000000000b222                __udivdi3
                0x000000000000b248                __umoddi3
                0x000000000000b276                __udivmoddi4
 .text.crt0     0x000000000000b2b4        0x2 /upb/groups/fg-ccs/public/share/nes/2018w/mspgcc-4.7.3/bin/../lib/gcc/msp430/4.7.3/mmpy-16/libcrt0.a(_unexpected_.o)
                0x000000000000b2b4                _unexpected_
 *(.near.text .near.text.*)

.rodata         0x000000000000b2b8      0x453
                0x000000000000b2b8                . = ALIGN (0x2)
 *(.rodata .rodata.* .gnu.linkonce.r.*)
 .rodata        0x000000000000b2b8      0x116 hello.co
                0x000000000000b3b4                autostart_processes
 .rodata        0x000000000000b3ce      0x167 obj_sky/contiki-sky-main.o
 *fill*         0x000000000000b535        0x1 00
 .rodata        0x000000000000b536        0xe contiki-sky.a(light-sensor.o)
                0x000000000000b53c                light_sensor
 .rodata        0x000000000000b544       0x10 contiki-sky.a(button-sensor.o)
                0x000000000000b54c                button_sensor
 .rodata        0x000000000000b554       0x14 contiki-sky.a(temperature-sen)
                0x000000000000b560                temperature_sensor
 .rodata        0x000000000000b568        0x8 contiki-sky.a(sensors.o)
 .rodata.get_value
                0x000000000000b570       0x1c contiki-sky.a(cc2420.o)
 .rodata        0x000000000000b58c       0x3e contiki-sky.a(cc2420.o)
                0x000000000000b58c                cc2420_aes_128_driver
                0x000000000000b590                cc2420_driver
 .rodata        0x000000000000b5ca       0x26 contiki-sky.a(slip.o)
 .rodata        0x000000000000b5f0        0xc contiki-sky.a(etimer.o)
 .rodata        0x000000000000b5fc        0xf contiki-sky.a(ctimer.o)
 *fill*         0x000000000000b60b        0x1 00
 .rodata        0x000000000000b60c        0xa contiki-sky.a(uip-over-mesh.o)
 .rodata        0x000000000000b616        0xe contiki-sky.a(uip-fw-drv.o)
 .rodata.uip_process
                0x000000000000b624       0x20 contiki-sky.a(uip.o)
 .rodata        0x000000000000b644        0x8 contiki-sky.a(uip.o)
                0x000000000000b644                uip_all_zeroes_addr
                0x000000000000b648                uip_broadcast_addr
 .rodata        0x000000000000b64c        0xd contiki-sky.a(tcpip.o)
 *fill*         0x000000000000b659        0x1 00
 .rodata        0x000000000000b65a        0xa contiki-sky.a(unicast.o)
 .rodata        0x000000000000b664        0xa contiki-sky.a(trickle.o)
 .rodata        0x000000000000b66e        0xa contiki-sky.a(route-discovery)
 .rodata        0x000000000000b678        0xc contiki-sky.a(rime.o)
                0x000000000000b67e                rime_driver
 .rodata        0x000000000000b684        0x6 contiki-sky.a(netflood.o)
 .rodata        0x000000000000b68a        0x4 contiki-sky.a(ipolite.o)
 .rodata        0x000000000000b68e       0x10 contiki-sky.a(chameleon-bitop)
                0x000000000000b68e                chameleon_bitopt
 .rodata        0x000000000000b69e        0x8 contiki-sky.a(broadcast.o)
 .rodata        0x000000000000b6a6        0x4 contiki-sky.a(broadcast-annou)
 .rodata        0x000000000000b6aa        0x2 contiki-sky.a(abc.o)
 .rodata        0x000000000000b6ac       0x14 contiki-sky.a(csma.o)
                0x000000000000b6b2                csma_driver
 .rodata        0x000000000000b6c0        0x2 contiki-sky.a(linkaddr.o)
                0x000000000000b6c0                linkaddr_null
 .rodata        0x000000000000b6c2       0x1c contiki-sky.a(contikimac.o)
                0x000000000000b6ce                contikimac_driver
 .rodata        0x000000000000b6de       0x14 contiki-sky.a(nullsec.o)
                0x000000000000b6e6                nullsec_driver
 .rodata        0x000000000000b6f2        0x8 contiki-sky.a(contikimac-fram)
                0x000000000000b6f2                contikimac_framer
 .rodata        0x000000000000b6fa        0x8 contiki-sky.a(framer-802154.o)
                0x000000000000b6fa                framer_802154
 .rodata        0x000000000000b702        0x2 contiki-sky.a(frame802154.o)
 .rodata.vuprintf
                0x000000000000b704        0x7 /upb/groups/fg-ccs/public/share/nes/2018w/mspgcc-4.7.3/bin/../lib/gcc/msp430/4.7.3/../../../../msp430/lib/mmpy-16/libc.a(vuprintf.o)
 *(.near.rodata .near.rodata.*)
                0x000000000000b70c                . = ALIGN (0x2)
                0x000000000000b70c                _etext = .

.data           0x0000000000001100       0xa4 load address 0x000000000000b70c
                0x0000000000001100                . = ALIGN (0x2)
                0x0000000000001100                __data_start = .
 *(.data .data.* .gnu.linkonce.d.*)
 .data          0x0000000000001100        0xa hello.co
                0x0000000000001100                temp_sense
 .data          0x000000000000110a       0x18 obj_sky/contiki-sky-main.o
 .data          0x0000000000001122        0x4 contiki-sky.a(contiki-sky-pla)
                0x0000000000001122                sensors
 .data          0x0000000000001126        0xa contiki-sky.a(sensors.o)
                0x0000000000001126                sensors_process
 .data          0x0000000000001130        0xa contiki-sky.a(cc2420.o)
                0x0000000000001130                cc2420_process
 .data          0x000000000000113a        0xa contiki-sky.a(slip.o)
                0x000000000000113a                slip_process
 .data          0x0000000000001144        0x2 contiki-sky.a(msp430.o)
 .data          0x0000000000001146        0xa contiki-sky.a(etimer.o)
                0x0000000000001146                etimer_process
 .data          0x0000000000001150        0xa contiki-sky.a(ctimer.o)
                0x0000000000001150                ctimer_process
 .data          0x000000000000115a        0xa contiki-sky.a(uip-fw-drv.o)
                0x000000000000115a                uip_fw_process
 .data          0x0000000000001164        0xa contiki-sky.a(tcpip.o)
                0x0000000000001164                tcpip_process
 .data          0x000000000000116e        0xa contiki-sky.a(route.o)
 .data          0x0000000000001178       0x18 contiki-sky.a(csma.o)
 .data          0x0000000000001190       0x10 contiki-sky.a(queuebuf.o)
 .data.next     0x00000000000011a0        0x4 /upb/groups/fg-ccs/public/share/nes/2018w/mspgcc-4.7.3/bin/../lib/gcc/msp430/4.7.3/../../../../msp430/lib/mmpy-16/libc.a(rand.o)
 *(.near.data .near.data.*)
                0x00000000000011a4                . = ALIGN (0x2)
                0x00000000000011a4                _edata = .
                0x000000000000b70c                __data_load_start = LOADADDR (.data)
                0x00000000000000a4                __data_size = SIZEOF (.data)

.bss            0x00000000000011a4     0x1656 load address 0x000000000000b7b0
                0x00000000000011a4                __bss_start = .
 *(.bss .bss.*)
 .bss           0x00000000000011a4       0x1a hello.co
 .bss           0x00000000000011be        0xe obj_sky/contiki-sky-main.o
 .bss           0x00000000000011cc        0x8 contiki-sky.a(button-sensor.o)
 .bss           0x00000000000011d4        0x2 contiki-sky.a(node-id.o)
                0x00000000000011d4                node_id
 .bss           0x00000000000011d6        0x6 contiki-sky.a(sensors.o)
 .bss           0x00000000000011dc        0x8 contiki-sky.a(cc2420.o)
 .bss           0x00000000000011e4        0x4 contiki-sky.a(sky-sensors.o)
 .bss           0x00000000000011e8       0x9a contiki-sky.a(uart1.o)
 .bss           0x0000000000001282        0x1 contiki-sky.a(slip_uart1.o)
 *fill*         0x0000000000001283        0x1 00
 .bss           0x0000000000001284       0x88 contiki-sky.a(slip.o)
 .bss           0x000000000000130c        0xa contiki-sky.a(clock.o)
 .bss           0x0000000000001316        0x1 contiki-sky.a(leds.o)
 *fill*         0x0000000000001317        0x1 00
 .bss           0x0000000000001318        0x2 contiki-sky.a(watchdog.o)
 .bss           0x000000000000131a        0x2 contiki-sky.a(rtimer.o)
 .bss           0x000000000000131c       0x42 contiki-sky.a(process.o)
                0x000000000000131c                process_current
                0x000000000000131e                process_list
 .bss           0x000000000000135e        0x6 contiki-sky.a(etimer.o)
 .bss           0x0000000000001364        0x4 contiki-sky.a(ctimer.o)
 .bss           0x0000000000001368       0xd2 contiki-sky.a(uip-over-mesh.o)
 .bss           0x000000000000143a      0x1a8 contiki-sky.a(uip-fw.o)
 .bss           0x00000000000015e2       0x14 contiki-sky.a(uip.o)
                0x00000000000015e2                uip_lladdr
 .bss           0x00000000000015f6       0x36 contiki-sky.a(tcpip.o)
 .bss           0x000000000000162c        0x1 contiki-sky.a(route-discovery)
 *fill*         0x000000000000162d        0x1 00
 .bss           0x000000000000162e       0x7e contiki-sky.a(route.o)
 .bss           0x00000000000016ac        0x2 contiki-sky.a(rime.o)
 .bss           0x00000000000016ae        0x2 contiki-sky.a(channel.o)
 .bss           0x00000000000016b0       0x46 contiki-sky.a(broadcast-annou)
 .bss           0x00000000000016f6        0x6 contiki-sky.a(announcement.o)
 .bss           0x00000000000016fc      0x128 contiki-sky.a(csma.o)
 .bss           0x0000000000001824      0xc20 contiki-sky.a(queuebuf.o)
 .bss           0x0000000000002444       0xb8 contiki-sky.a(packetbuf.o)
 .bss           0x00000000000024fc       0x32 contiki-sky.a(contikimac.o)
 .bss           0x000000000000252e        0x8 contiki-sky.a(compower.o)
 .bss           0x0000000000002536       0x40 contiki-sky.a(mac-sequence.o)
 .bss           0x0000000000002576        0x2 contiki-sky.a(framer-802154.o)
 *(.near.bss .near.bss.*)
 *(COMMON)
 COMMON         0x0000000000002578        0x2 contiki-sky.a(contiki-sky-pla)
                0x0000000000002578                sensors_flags
 COMMON         0x000000000000257a        0x8 contiki-sky.a(ds2411.o)
                0x000000000000257a                ds2411_id
 COMMON         0x0000000000002582        0x1 contiki-sky.a(sensors.o)
                0x0000000000002582                sensors_event
 *fill*         0x0000000000002583        0x1 00
 COMMON         0x0000000000002584       0x10 contiki-sky.a(cc2420.o)
                0x0000000000002584                cc2420_last_rssi
                0x0000000000002586                cc2420_sfd_start_time
                0x0000000000002588                cc2420_time_of_departure
                0x000000000000258a                cc2420_time_of_arrival
                0x000000000000258c                cc2420_last_correlation
                0x000000000000258e                cc2420_authority_level_of_sender
                0x0000000000002590                cc2420_sfd_counter
                0x0000000000002592                cc2420_sfd_end_time
 COMMON         0x0000000000002594        0x1 contiki-sky.a(slip.o)
                0x0000000000002594                slip_active
 *fill*         0x0000000000002595        0x1 00
 COMMON         0x0000000000002596        0x2 contiki-sky.a(msp430.o)
                0x0000000000002596                msp430_dco_required
 COMMON         0x0000000000002598        0x1 contiki-sky.a(process.o)
                0x0000000000002598                process_maxevents
 *fill*         0x0000000000002599        0x1 00
 COMMON         0x000000000000259a       0x56 contiki-sky.a(energest.o)
                0x000000000000259a                energest_total_time
                0x00000000000025ca                energest_total_count
                0x00000000000025cc                energest_current_mode
                0x00000000000025d8                energest_current_time
 COMMON         0x00000000000025f0      0x1c2 contiki-sky.a(uip.o)
                0x00000000000025f0                uip_len
                0x00000000000025f2                uip_sappdata
                0x00000000000025f4                uip_acc32
                0x00000000000025f8                uip_aligned_buf
                0x0000000000002664                uip_flags
                0x0000000000002666                uip_udp_conn
                0x0000000000002668                uip_appdata
                0x000000000000266a                uip_conn
                0x000000000000266c                uip_conns
                0x00000000000026ec                uip_listenports
                0x00000000000026fc                uip_draddr
                0x0000000000002700                uip_netmask
                0x0000000000002704                uip_hostaddr
                0x0000000000002708                uip_slen
                0x000000000000270a                uip_udp_conns
 COMMON         0x00000000000027b2        0x2 contiki-sky.a(tcpip.o)
                0x00000000000027b2                tcpip_is_forwarding
                0x00000000000027b3                tcpip_event
 COMMON         0x00000000000027b4       0x3c contiki-sky.a(packetbuf.o)
                0x00000000000027b4                packetbuf_addrs
                0x00000000000027bc                packetbuf_attrs
 COMMON         0x00000000000027f0        0x2 contiki-sky.a(linkaddr.o)
                0x00000000000027f0                linkaddr_node_addr
 COMMON         0x00000000000027f2        0x8 contiki-sky.a(compower.o)
                0x00000000000027f2                compower_idle_activity
                0x00000000000027fa                . = ALIGN (0x2)
                0x00000000000027fa                __bss_end = .
                0x0000000000001656                __bss_size = SIZEOF (.bss)

.noinit         0x00000000000027fa        0x2 load address 0x000000000000b7b0
                0x00000000000027fa                . = ALIGN (0x2)
                0x00000000000027fa                __noinit_start = .
 *(.noinit .noinit.*)
 .noinit.crt0   0x00000000000027fa        0x2 /upb/groups/fg-ccs/public/share/nes/2018w/mspgcc-4.7.3/bin/../lib/gcc/msp430/4.7.3/mmpy-16/libcrt0.a(__watchdog_support.o)
                0x00000000000027fa                __wdt_clear_value
                0x00000000000027fc                . = ALIGN (0x2)
                0x00000000000027fc                __noinit_end = .
                0x00000000000027fc                . = ALIGN (0x2)
                0x00000000000027fc                _end = .

.infomem        0x0000000000001000        0x0
                0x0000000000001000                . = ALIGN (0x2)
 *(.infomem .infomem.*)

.infomemnobits  0x0000000000001000        0x0
                0x0000000000001000                . = ALIGN (0x2)
 *(.infomemnobits .infomemnobits.*)

.infoa          0x0000000000001080        0x0
                0x0000000000001080                . = ALIGN (0x2)
 *(.infoa .infoa.*)

.infob          0x0000000000001000        0x0
                0x0000000000001000                . = ALIGN (0x2)
 *(.infob .infob.*)

.infoc          0x0000000000000000        0x0
                0x0000000000000000                . = ALIGN (0x2)
 *(.infoc .infoc.*)

.infod          0x0000000000000000        0x0
                0x0000000000000000                . = ALIGN (0x2)
 *(.infod .infod.*)
                0x000000000000ffff                PROVIDE (__vte_0, 0xffff)
                0x000000000000ffff                PROVIDE (__vte_1, 0xffff)
                0x000000000000ffff                PROVIDE (__vte_2, 0xffff)
                0x000000000000ffff                PROVIDE (__vte_3, 0xffff)
                0x000000000000ffff                PROVIDE (__vte_4, 0xffff)
                0x000000000000ffff                PROVIDE (__vte_5, 0xffff)
                0x000000000000ffff                PROVIDE (__vte_6, 0xffff)
                0x000000000000ffff                PROVIDE (__vte_7, 0xffff)
                0x000000000000ffff                PROVIDE (__vte_8, 0xffff)
                0x000000000000ffff                PROVIDE (__vte_9, 0xffff)
                0x000000000000ffff                PROVIDE (__vte_10, 0xffff)
                0x000000000000ffff                PROVIDE (__vte_11, 0xffff)
                0x000000000000ffff                PROVIDE (__vte_12, 0xffff)
                0x000000000000ffff                PROVIDE (__vte_13, 0xffff)
                0x000000000000ffff                PROVIDE (__vte_14, 0xffff)
                0x000000000000ffff                PROVIDE (__vte_15, 0xffff)
                0x000000000000ffff                PROVIDE (__vte_16, 0xffff)
                0x000000000000ffff                PROVIDE (__vte_17, 0xffff)
                0x000000000000ffff                PROVIDE (__vte_18, 0xffff)
                0x000000000000ffff                PROVIDE (__vte_19, 0xffff)
                0x000000000000ffff                PROVIDE (__vte_20, 0xffff)
                0x000000000000ffff                PROVIDE (__vte_21, 0xffff)
                0x000000000000ffff                PROVIDE (__vte_22, 0xffff)
                0x000000000000ffff                PROVIDE (__vte_23, 0xffff)
                0x000000000000ffff                PROVIDE (__vte_24, 0xffff)
                0x000000000000ffff                PROVIDE (__vte_25, 0xffff)
                0x000000000000ffff                PROVIDE (__vte_26, 0xffff)
                0x000000000000ffff                PROVIDE (__vte_27, 0xffff)
                0x000000000000ffff                PROVIDE (__vte_28, 0xffff)
                0x000000000000ffff                PROVIDE (__vte_29, 0xffff)
                0x000000000000ffff                PROVIDE (__vte_30, 0xffff)
                0x000000000000ffff                PROVIDE (__vte_31, 0xffff)

.vectors        0x000000000000ffe0       0x20
                0x000000000000ffe0                __vectors_start = .
 *(.vectors*)
 .vectors       0x000000000000ffe0       0x20 /upb/groups/fg-ccs/public/share/nes/2018w/mspgcc-4.7.3/bin/../lib/gcc/msp430/4.7.3/mmpy-16/crt0ivtbl16.o
                0x000000000000ffe0                __ivtbl_16
                0x0000000000010000                _vectors_end = .

.fartext        0x0000000000000000        0x0
                0x0000000000000000                . = ALIGN (0x2)
 *(.fartext .fartext.*)

.far.text       0x0000000000000000        0x0
                0x0000000000000000                . = ALIGN (0x2)
 *(.far.text .far.text.*)

.far.rodata     0x0000000000000000        0x0
                0x0000000000000000                . = ALIGN (0x2)
 *(.far.rodata .far.rodata.*)
                0x0000000000000000                . = ALIGN (0x2)
                0x0000000000000000                _efartext = .

.far.data       0x0000000000000000        0x0
                0x0000000000000000                . = ALIGN (0x2)
                0x0000000000000000                __far_data_start = .
 *(.far.data .far.data.*)
                0x0000000000000000                . = ALIGN (0x2)
                0x0000000000000000                _efardata = .
                0x0000000000000000                __far_data_load_start = LOADADDR (.far.data)
                0x0000000000000000                __far_data_size = SIZEOF (.far.data)

.far.bss        0x0000000000000000        0x0
                0x0000000000000000                . = ALIGN (0x2)
                0x0000000000000000                __far_bss_start = .
 *(.far.bss .far.bss.*)
                0x0000000000000000                . = ALIGN (0x2)
                0x0000000000000000                __far_bss_end = .
                0x0000000000000000                __far_bss_size = SIZEOF (.far.bss)
                0x0000000000000000                . = ALIGN (0x2)
                0x0000000000000000                _far_end = .

.profiler
 *(.profiler)

.stab           0x0000000000000000    0x222cc
 *(.stab)
 .stab          0x0000000000000000     0x1350 hello.co
 .stab          0x0000000000001350     0x105c obj_sky/contiki-sky-main.o
                                       0x195c (size before relaxing)
 .stab          0x00000000000023ac      0x288 contiki-sky.a(contiki-sky-pla)
                                        0x5ac (size before relaxing)
 .stab          0x0000000000002634      0x324 contiki-sky.a(light-sensor.o)
                                        0x690 (size before relaxing)
 .stab          0x0000000000002958      0x468 contiki-sky.a(button-sensor.o)
                                        0x7d4 (size before relaxing)
 .stab          0x0000000000002dc0      0x318 contiki-sky.a(temperature-sen)
                                        0x684 (size before relaxing)
 .stab          0x00000000000030d8      0x624 contiki-sky.a(ds2411.o)
                                        0xb34 (size before relaxing)
 .stab          0x00000000000036fc      0xb4c contiki-sky.a(xmem.o)
                                        0xf00 (size before relaxing)
 .stab          0x0000000000004248      0x2b8 contiki-sky.a(node-id.o)
                                        0x4e0 (size before relaxing)
 .stab          0x0000000000004500      0x684 contiki-sky.a(sensors.o)
                                        0xbb8 (size before relaxing)
 .stab          0x0000000000004b84     0x22f8 contiki-sky.a(cc2420.o)
                                       0x2c40 (size before relaxing)
 .stab          0x0000000000006e7c      0x9cc contiki-sky.a(cc2420-arch.o)
                                       0x13f8 (size before relaxing)
 .stab          0x0000000000007848      0x4ec contiki-sky.a(sky-sensors.o)
                                        0x858 (size before relaxing)
 .stab          0x0000000000007d34      0x600 contiki-sky.a(uart1.o)
                                        0x954 (size before relaxing)
 .stab          0x0000000000008334      0x330 contiki-sky.a(slip_uart1.o)
                                        0x684 (size before relaxing)
 .stab          0x0000000000008664      0xb70 contiki-sky.a(slip.o)
                                       0x1308 (size before relaxing)
 .stab          0x00000000000091d4      0x72c contiki-sky.a(msp430.o)
                                        0xa80 (size before relaxing)
 .stab          0x0000000000009900      0x930 contiki-sky.a(clock.o)
                                        0xc84 (size before relaxing)
 .stab          0x000000000000a230      0x5a0 contiki-sky.a(leds.o)
                                        0x7ec (size before relaxing)
 .stab          0x000000000000a7d0      0x378 contiki-sky.a(leds-arch.o)
                                        0x6cc (size before relaxing)
 .stab          0x000000000000ab48      0x3cc contiki-sky.a(watchdog.o)
                                        0x720 (size before relaxing)
 .stab          0x000000000000af14      0x3b4 contiki-sky.a(rtimer-arch.o)
                                        0x708 (size before relaxing)
 .stab          0x000000000000b2c8      0x348 contiki-sky.a(timer.o)
                                        0x588 (size before relaxing)
 .stab          0x000000000000b610      0x3cc contiki-sky.a(rtimer.o)
                                        0x6b4 (size before relaxing)
 .stab          0x000000000000b9dc      0xb7c contiki-sky.a(process.o)
                                       0x1008 (size before relaxing)
 .stab          0x000000000000c558      0x9fc contiki-sky.a(etimer.o)
                                        0xccc (size before relaxing)
 .stab          0x000000000000cf54      0x474 contiki-sky.a(energest.o)
                                        0x6fc (size before relaxing)
 .stab          0x000000000000d3c8      0x78c contiki-sky.a(ctimer.o)
                                        0xaf8 (size before relaxing)
 .stab          0x000000000000db54      0x288 contiki-sky.a(autostart.o)
                                        0x534 (size before relaxing)
 .stab          0x000000000000dddc      0x240 contiki-sky.a(random.o)
                                        0x618 (size before relaxing)
 .stab          0x000000000000e01c      0x7bc contiki-sky.a(list.o)
                                        0x7c8 (size before relaxing)
 .stab          0x000000000000e7d8      0xb94 contiki-sky.a(uip-over-mesh.o)
                                       0x180c (size before relaxing)
 .stab          0x000000000000f36c      0x2d0 contiki-sky.a(uip-fw-drv.o)
                                        0xa38 (size before relaxing)
 .stab          0x000000000000f63c      0x960 contiki-sky.a(uip-fw.o)
                                       0x10d4 (size before relaxing)
 .stab          0x000000000000ff9c     0x240c contiki-sky.a(uip.o)
                                       0x2b74 (size before relaxing)
 .stab          0x00000000000123a8     0x1044 contiki-sky.a(tcpip.o)
                                       0x1ea8 (size before relaxing)
 .stab          0x00000000000133ec      0x618 contiki-sky.a(unicast.o)
                                       0x1290 (size before relaxing)
 .stab          0x0000000000013a04      0x7c8 contiki-sky.a(trickle.o)
                                       0x1074 (size before relaxing)
 .stab          0x00000000000141cc      0xa08 contiki-sky.a(route-discovery)
                                       0x16b0 (size before relaxing)
 .stab          0x0000000000014bd4      0x9e4 contiki-sky.a(route.o)
                                        0xedc (size before relaxing)
 .stab          0x00000000000155b8      0xcb4 contiki-sky.a(rime.o)
                                       0x13f8 (size before relaxing)
 .stab          0x000000000001626c      0x750 contiki-sky.a(netflood.o)
                                       0x1014 (size before relaxing)
 .stab          0x00000000000169bc      0x8b8 contiki-sky.a(ipolite.o)
                                       0x153c (size before relaxing)
 .stab          0x0000000000017274      0x654 contiki-sky.a(channel.o)
                                       0x1278 (size before relaxing)
 .stab          0x00000000000178c8      0x588 contiki-sky.a(chameleon.o)
                                       0x1230 (size before relaxing)
 .stab          0x0000000000017e50      0xd44 contiki-sky.a(chameleon-bitop)
                                       0x19bc (size before relaxing)
 .stab          0x0000000000018b94      0x6cc contiki-sky.a(broadcast.o)
                                       0x1500 (size before relaxing)
 .stab          0x0000000000019260      0x948 contiki-sky.a(broadcast-annou)
                                       0x15c0 (size before relaxing)
 .stab          0x0000000000019ba8      0x6b4 contiki-sky.a(announcement.o)
                                        0x954 (size before relaxing)
 .stab          0x000000000001a25c      0x660 contiki-sky.a(abc.o)
                                       0x1494 (size before relaxing)
 .stab          0x000000000001a8bc      0xdec contiki-sky.a(csma.o)
                                       0x159c (size before relaxing)
 .stab          0x000000000001b6a8      0xa38 contiki-sky.a(queuebuf.o)
                                       0x186c (size before relaxing)
 .stab          0x000000000001c0e0      0xd74 contiki-sky.a(packetbuf.o)
                                       0x1bc0 (size before relaxing)
 .stab          0x000000000001ce54      0x2ac contiki-sky.a(linkaddr.o)
                                        0x6a8 (size before relaxing)
 .stab          0x000000000001d100     0x17ac contiki-sky.a(contikimac.o)
                                       0x23b8 (size before relaxing)
 .stab          0x000000000001e8ac      0x684 contiki-sky.a(nullsec.o)
                                        0xd80 (size before relaxing)
 .stab          0x000000000001ef30      0x1f8 contiki-sky.a(spi.o)
                                        0x420 (size before relaxing)
 .stab          0x000000000001f128      0x300 contiki-sky.a(uip-ipchksum.o)
                                        0xa50 (size before relaxing)
 .stab          0x000000000001f428      0x4ec contiki-sky.a(compower.o)
                                        0xcf0 (size before relaxing)
 .stab          0x000000000001f914      0x5c4 contiki-sky.a(memb.o)
                                        0xaf8 (size before relaxing)
 .stab          0x000000000001fed8      0x600 contiki-sky.a(mac-sequence.o)
                                       0x144c (size before relaxing)
 .stab          0x00000000000204d8      0x1f8 contiki-sky.a(mac.o)
                                        0x4ec (size before relaxing)
 .stab          0x00000000000206d0      0x6d8 contiki-sky.a(contikimac-fram)
                                        0xf18 (size before relaxing)
 .stab          0x0000000000020da8      0x918 contiki-sky.a(framer-802154.o)
                                        0xf54 (size before relaxing)
 .stab          0x00000000000216c0      0x8f4 contiki-sky.a(frame802154.o)
                                       0x10c8 (size before relaxing)